// Jest Snapshot v1, https://goo.gl/fbAQLP

exports[`Theme Object should match the theme snapshot 1`] = `
{
  "bodySize": {
    "b1": {
      "bold": "400",
      "fontSize": "16px",
      "lineHeight": "16px",
    },
    "b2": {
      "bold": "400",
      "fontSize": "12px",
      "lineHeight": "16px",
    },
    "b3": {
      "bold": "800",
      "fontSize": "16px",
      "lineHeight": "32px",
    },
  },
  "borderRadius": {
    "default": "20px",
  },
  "boxShadow": "0 10px 40px 0 rgba(0, 0, 0, 0.03)",
  "button": {
    "large": {
      "height": "48px",
      "padding": "16px",
      "width": "314px",
    },
    "small": {
      "height": "32px",
      "padding": "16px",
    },
  },
  "buttonVariant": {
    "contained": {
      "backgroundColor": "#FEAF29",
      "border": "none",
      "borderHoverColor": "#FEAF29",
      "color": "#F8F9FA",
    },
    "outlined": {
      "backgroundColor": "transparent",
      "border": "1px solid #FEAF29",
      "borderHoverColor": "#FEAF29",
      "color": "#FEAF29",
    },
  },
  "color": {
    "background": "#234257",
    "black": "#212121",
    "box": "#F8F9FA",
    "gray1": "#E1E1E1",
    "gray2": "#D9D9D9",
    "gray3": "#808080",
    "lightTransparentBlack": "rgba(0, 0, 0, 0.3)",
    "semiTransparentBlack": "rgba(0, 0, 0, 0.8)",
    "white": "#FFFFFF",
    "yellow": "#FEAF29",
  },
  "fontSize": {
    "large": "20px",
    "medium": "16px",
    "small": "12px",
  },
  "fontWeight": {
    "bold": "700",
    "normal": "400",
  },
  "modal": {
    "default": {
      "width": "352px",
    },
  },
  "padding": {
    "default": "50px",
  },
  "profileImage": {
    "large": {
      "height": "140px",
      "width": "316px",
    },
    "medium": {
      "height": "114px",
      "width": "114px",
    },
    "small": {
      "height": "86px",
      "width": "86px",
    },
  },
  "titleSize": {
    "t1": {
      "bold": "800",
      "fontSize": "20px",
      "lineHeight": "36px",
    },
    "t2": {
      "bold": "800",
      "fontSize": "16px",
      "lineHeight": "24px",
    },
  },
}
`;
