// Jest Snapshot v1, https://goo.gl/fbAQLP

exports[`Theme Object should match the theme snapshot 1`] = `
{
  "bodySize": {
    "b1": {
      "bold": "400",
      "fontSize": "16px",
      "lineHeight": "16px",
    },
    "b2": {
      "bold": "400",
      "fontSize": "12px",
      "lineHeight": "16px",
    },
    "b3": {
      "bold": "800",
      "fontSize": "16px",
      "lineHeight": "32px",
    },
  },
  "borderRadius": {
    "default": "20px",
  },
  "boxShadow": "0 10px 40px 0 rgba(0, 0, 0, 0.03)",
  "button": {
    "large": {
      "height": "48px",
      "padding": "16px",
      "width": "314px",
    },
    "small": {
      "height": "32px",
      "padding": "16px",
      "width": "105px",
    },
  },
  "buttonVariant": {
    "contained": {
      "backgroundColor": "#5271FF",
      "border": "none",
      "borderHoverColor": "#5271FF",
      "color": "#FFFFFF",
    },
    "outlined": {
      "backgroundColor": "transparent",
      "border": "1px solid #5271FF",
      "borderHoverColor": "#5271FF",
      "color": "#5271FF",
    },
  },
  "color": {
    "background": "#FFFFFF",
    "box": "#F8F9FA",
    "error": "#F22455",
    "gray1": "#E1E1E1",
    "gray2": "#D9D9D9",
    "gray3": "#808080",
    "lightTransparentBlack": "rgba(0, 0, 0, 0.3)",
    "likes": "#ABDEE6",
    "primary": "#5271FF",
    "review": "#FEAF29",
    "secondary": "#9CABEF",
    "text": "#212121",
    "third": "#AECDFF",
  },
  "fontSize": {
    "large": "20px",
    "medium": "16px",
    "small": "12px",
  },
  "fontWeight": {
    "bold": "700",
    "normal": "400",
  },
  "modal": {
    "default": {
      "width": "352px",
    },
  },
  "padding": {
    "default": "50px",
  },
  "profileImage": {
    "large": {
      "height": "140px",
      "width": "316px",
    },
    "medium": {
      "height": "114px",
      "width": "114px",
    },
    "small": {
      "height": "86px",
      "width": "86px",
    },
  },
  "sports": {
    "0": "#F0C40E",
    "1": "#B6D9DD",
    "10": "#0496D1",
    "11": "#5A4097",
    "2": "#8369C2",
    "3": "#4D8AA6",
    "4": "#D1AA8D",
    "5": "#F85F51",
    "6": "#AAC77A",
    "7": "#FFC1C2",
    "8": "#2E4B77",
    "9": "#B2CBE7",
  },
  "titleSize": {
    "t1": {
      "bold": "800",
      "fontSize": "20px",
      "lineHeight": "36px",
    },
    "t2": {
      "bold": "800",
      "fontSize": "16px",
      "lineHeight": "24px",
    },
  },
}
`;
